// Jest Snapshot v1, https://goo.gl/fbAQLP

exports[`GetTickersSearchField basic 1`] = `
<ErrorBoundary
  FallbackComponent={[Function]}
>
  <TickersQuery
    query={
      Object {
        "definitions": Array [
          Object {
            "directives": Array [],
            "kind": "OperationDefinition",
            "name": Object {
              "kind": "Name",
              "value": "Tickers",
            },
            "operation": "query",
            "selectionSet": Object {
              "kind": "SelectionSet",
              "selections": Array [
                Object {
                  "alias": undefined,
                  "arguments": Array [],
                  "directives": Array [],
                  "kind": "Field",
                  "name": Object {
                    "kind": "Name",
                    "value": "tickers",
                  },
                  "selectionSet": undefined,
                },
              ],
            },
            "variableDefinitions": Array [],
          },
        ],
        "kind": "Document",
        "loc": Object {
          "end": 35,
          "start": 0,
        },
      }
    }
  >
    <Component />
  </TickersQuery>
</ErrorBoundary>
`;
